[agent-magicui.vercel.app/index.html]
[agent-magicui.vercel.app/_next/static/media/569ce4b8f30dc480-s.p.woff2]
[agent-magicui.vercel.app/_next/static/media/93f479601ee12b01-s.p.woff2]
[randomuser.me/api/portraits/men/91.jpg]
[randomuser.me/api/portraits/women/12.jpg]
[randomuser.me/api/portraits/men/45.jpg]
[randomuser.me/api/portraits/women/83.jpg]
[randomuser.me/api/portraits/men/1.jpg]
[randomuser.me/api/portraits/women/5.jpg]
[randomuser.me/api/portraits/men/14.jpg]
[randomuser.me/api/portraits/women/56.jpg]
[randomuser.me/api/portraits/men/18.jpg]
[randomuser.me/api/portraits/women/73.jpg]
[agent-magicui.vercel.app/_next/static/css/c4ab6922166d9879af2f.css]
[agent-magicui.vercel.app/_next/static/chunks/webpack-773f784b419a2ed9af2f.js]
[agent-magicui.vercel.app/_next/static/chunks/2e874054-f157153d6af5a29caf2f.js]
[agent-magicui.vercel.app/_next/static/chunks/4140-d5191de21a68d058af2f.js]
[agent-magicui.vercel.app/_next/static/chunks/main-app-00d9d29682852fbcaf2f.js]
[agent-magicui.vercel.app/_next/static/chunks/6771-c945178688fbe742af2f.js]
[agent-magicui.vercel.app/_next/static/chunks/7993-84bc853bc6620961af2f.js]
[agent-magicui.vercel.app/_next/static/chunks/1874-7896a968bbc71421af2f.js]
[agent-magicui.vercel.app/_next/static/chunks/app/layout-82fcb4f7d59de02eaf2f.js]
[agent-magicui.vercel.app/_next/static/chunks/23a0b913-b3447f343811209baf2f.js]
[agent-magicui.vercel.app/_next/static/chunks/5362-db5e286804dd17b4af2f.js]
[agent-magicui.vercel.app/_next/static/chunks/app/page-bf03fd4d78bcb0f0af2f.js]
[randomuser.me/api/portraits/men/25.jpg]
[randomuser.me/api/portraits/women/78.jpg]
[randomuser.me/api/portraits/men/54.jpg]
[randomuser.me/api/portraits/women/79.jpg]
[backblue.gif]
[fade.gif]
[index.html]
[agent-magicui.vercel.app/favicon.ico]
[agent-magicui.vercel.app/_next/static/chunks/polyfills-42372ed130431b0aaf2f.js]
[agent-magicui.vercel.app/_next/agent-cta-backgrounda9ee.png]
[agent-magicui.vercel.app/static/chunks/6771-c945178688fbe742.21af2f.delayed]
[agent-magicui.vercel.app/static/chunks/7993-84bc853bc6620961.22af2f.delayed]
[agent-magicui.vercel.app/static/chunks/1874-7896a968bbc71421.23af2f.delayed]
[agent-magicui.vercel.app/static/chunks/23a0b913-b3447f343811209b.24af2f.delayed]
[agent-magicui.vercel.app/static/chunks/5362-db5e286804dd17b4.25af2f.delayed]
[agent-magicui.vercel.app/index.html]
[agent-magicui.vercel.app/_next/static/css/c4ab6922166d9879af2f.css]
[agent-magicui.vercel.app/static/chunks/404af2f]
[agent-magicui.vercel.app/static/chunks/404af2f-2]
[agent-magicui.vercel.app/static/chunks/404af2f-3]
[agent-magicui.vercel.app/static/chunks/404af2f-4]
[agent-magicui.vercel.app/static/chunks/404af2f-5]
