Loading environment from: D:\YASH\Project Management\server\.env

≡ƒº¬ Testing DeepSeek Meeting Notes Service...

API Key configured: true
API Key (first 10 chars): sk-b417ce0...

≡ƒô¥ Processing transcript...

node.exe : Error processing 
meeting transcript: 
AxiosError: Request failed 
with status code 402
At C:\Program 
Files\nodejs\npx.ps1:29 
char:3
+   & $NODE_EXE $NPX_CLI_JS 
$args
+   ~~~~~~~~~~~~~~~~~~~~~~~~
~~~~~
    + CategoryInfo          
    : NotSpecified: (Error  
   processin...status cod   
 e 402:String) [], Remot    
eException
    + FullyQualifiedErrorId 
    : NativeCommandError
 
    at settle 
(D:\YASH\Project Management\
server\node_modules\axios\li
b\core\settle.js:19:12)
    at IncomingMessage.handl
eStreamEnd (D:\YASH\Project 
Management\server\node_modul
es\axios\lib\adapters\http.j
s:617:11)
    at IncomingMessage.emit 
(node:events:536:35)
    at IncomingMessage.emit 
(node:domain:489:12)
    at endReadableNT (node:i
nternal/streams/readable:169
8:12)
    at 
processTicksAndRejections (n
ode:internal/process/task_qu
eues:90:21)
    at Axios.request 
(D:\YASH\Project Management\
server\node_modules\axios\li
b\core\Axios.js:45:41)
    at 
processTicksAndRejections (n
ode:internal/process/task_qu
eues:105:5)
    at async DeepSeekMeeting
Service.processMeetingTransc
ript (D:\YASH\Project Manage
ment\server\src\services\dee
pseek-meeting.ts:128:30)
    at async 
testMeetingNotes 
(D:\YASH\Project Management\
server\src\scripts\test-deep
seek-meeting.ts:45:24) {
  code: 'ERR_BAD_REQUEST',
  config: {
    transitional: {
      silentJSONParsing: 
true,
      forcedJSONParsing: 
true,
      clarifyTimeoutError: 
false
    },
    adapter: [ 'xhr', 
'http', 'fetch' ],
    transformRequest: [ 
[Function: 
transformRequest] ],
    transformResponse: [ 
[Function: 
transformResponse] ],
    timeout: 30000,
    xsrfCookieName: 
'XSRF-TOKEN',
    xsrfHeaderName: 
'X-XSRF-TOKEN',
    maxContentLength: -1,
    maxBodyLength: -1,
    env: { FormData: 
[Function [FormData]], 
Blob: [class Blob] },
    validateStatus: 
[Function: validateStatus],
    headers: Object 
[AxiosHeaders] {
      Accept: 
'application/json, 
text/plain, */*',
      'Content-Type': 
'application/json',
      Authorization: 
'Bearer sk-b417ce0c8b7d4e24a
3d3476578c5f476',
      'User-Agent': 
'axios/1.12.2',
      'Content-Length': 
'3073',
      'Accept-Encoding': 
'gzip, compress, deflate, 
br'
    },
    method: 'post',
    url: 'https://api.deepse
ek.com/v1/chat/completions',
    data: `{"model":"deepsee
k-chat","messages":[{"role":
"user","content":"You are 
an expert Project Manager 
AI assistant specialized in 
analyzing meeting 
transcripts.\\n\\nYour task 
is to analyze the following 
meeting transcript and 
extract structured informati
on.\\n\\nIMPORTANT: Return 
ONLY a valid JSON object 
with NO markdown 
formatting, NO code blocks, 
NO backticks. Just pure 
JSON.\\n\\nThe JSON object 
must have these exact 
keys:\\n- \\"summary\\": A 
concise executive summary 
of the meeting (2-3 
sentences)\\n- 
\\"agendaItems\\": An array 
of strings listing the main 
topics discussed\\n- 
\\"decisions\\": An array 
of strings listing key 
decisions that were 
made\\n- \\"actionItems\\": 
An array of objects, each 
with:\\n  - \\"task\\": The 
specific action item or 
task\\n  - \\"assignee\\": 
The person responsible (use 
\\"Unassigned\\" if not 
mentioned)\\n  - 
\\"priority\\": Either 
\\"High\\", \\"Medium\\", 
or \\"Low\\" based on urgenc
y/importance\\n\\nGuidelines
:\\n- Be concise and 
clear\\n- Extract only 
factual information from 
the transcript\\n- If no 
decisions were made, return 
an empty array for 
\\"decisions\\"\\n- If no 
action items were 
identified, return an empty 
array for 
\\"actionItems\\"\\n- Infer 
priority based on context 
(deadlines, urgency words, 
importance)\\n- If multiple 
people are mentioned for a 
task, list the primary 
person\\n\\nExample output 
format:\\n{\\n  
\\"summary\\": \\"The team 
discussed Q4 roadmap 
priorities and assigned key 
deliverables.\\",\\n  
\\"agendaItems\\": [\\"Q4 
Roadmap Review\\", 
\\"Resource Allocation\\", 
\\"Timeline 
Discussion\\"],\\n  
\\"decisions\\": 
[\\"Approved budget 
increase for marketing\\", 
\\"Decided to use React for 
frontend\\"],\\n  
\\"actionItems\\": [\\n    
{\\n      \\"task\\": 
\\"Complete API 
documentation\\",\\n      
\\"assignee\\": 
\\"Sarah\\",\\n      
\\"priority\\": 
\\"High\\"\\n    },\\n    
{\\n      \\"task\\": 
\\"Review design 
mockups\\",\\n      
\\"assignee\\": 
\\"John\\",\\n      
\\"priority\\": 
\\"Medium\\"\\n    }\\n  
]\\n}\\n\\nNow analyze this 
meeting 
transcript:\\n\\n\\nMeeting 
started at 10 AM with the 
product team.\\n\\nJohn 
opened the discussion about 
the new project timeline. 
He mentioned that we're 
behind schedule \\nand need 
to accelerate development. 
The team agreed to add two 
more developers to the 
project.\\n\\nSarah brought 
up the API documentation 
issue. She emphasized that 
we absolutely must complete 
\\nthe API documentation by 
Friday, as the external 
partners are waiting for 
it. This is 
critical.\\n\\nThe team had 
a long discussion about the 
frontend framework. After 
considering Vue and 
Angular, \\nthe team 
unanimously decided to use 
React for the frontend 
development due to better 
community \\nsupport and 
team expertise.\\n\\nMike 
volunteered to review the 
design mockups. He 
committed to completing the 
review by Wednesday \\nand 
providing detailed feedback 
to the design 
team.\\n\\nThe most urgent 
issue discussed was the 
login bug that's affecting 
production users. John 
assigned \\nthis as the 
highest priority task and 
asked the backend team to 
fix it 
immediately.\\n\\nThe 
meeting concluded at 11:30 
AM with clear action items 
and deadlines.\\n"}],"temper
ature":0.7,"max_tokens":2048
}`,
    allowAbsoluteUrls: true
  },
  request: <ref *1> 
ClientRequest {
    _events: [Object: null 
prototype] {
      abort: [Function 
(anonymous)],
      aborted: [Function 
(anonymous)],
      connect: [Function 
(anonymous)],
      error: [Function 
(anonymous)],
      socket: [Function 
(anonymous)],
      timeout: [Function 
(anonymous)],
      finish: [Function: 
requestOnFinish]
    },
    _eventsCount: 7,
    _maxListeners: 
undefined,
    outputData: [],
    outputSize: 0,
    writable: true,
    destroyed: true,
    _last: false,
    chunkedEncoding: false,
    shouldKeepAlive: true,
    maxRequestsOnConnectionR
eached: false,
    _defaultKeepAlive: true,
    useChunkedEncodingByDefa
ult: true,
    sendDate: false,
    _removedConnection: 
false,
    _removedContLen: false,
    _removedTE: false,
    strictContentLength: 
false,
    _contentLength: '3073',
    _hasBody: true,
    _trailer: '',
    finished: true,
    _headerSent: true,
    _closed: true,
    _header: 'POST 
/v1/chat/completions 
HTTP/1.1\r\n' +
      'Accept: 
application/json, 
text/plain, */*\r\n' +
      'Content-Type: 
application/json\r\n' +
      'Authorization: 
Bearer sk-b417ce0c8b7d4e24a3
d3476578c5f476\r\n' +
      'User-Agent: 
axios/1.12.2\r\n' +
      'Content-Length: 
3073\r\n' +
      'Accept-Encoding: 
gzip, compress, deflate, 
br\r\n' +
      'Host: 
api.deepseek.com\r\n' +
      'Connection: 
keep-alive\r\n' +
      '\r\n',
    _keepAliveTimeout: 0,
    _onPendingData: 
[Function: nop],
    agent: Agent {
      _events: [Object: 
null prototype],
      _eventsCount: 2,
      _maxListeners: 
undefined,
      defaultPort: 443,
      protocol: 'https:',
      options: [Object: 
null prototype],
      requests: [Object: 
null prototype] {},
      sockets: [Object: 
null prototype] {},
      freeSockets: [Object: 
null prototype],
      keepAliveMsecs: 1000,
      keepAlive: true,
      maxSockets: Infinity,
      maxFreeSockets: 256,
      scheduling: 'lifo',
      maxTotalSockets: 
Infinity,
      totalSocketCount: 1,
      maxCachedSessions: 
100,
      _sessionCache: 
[Object],
      [Symbol(shapeMode)]: 
false,
      [Symbol(kCapture)]: 
false
    },
    socketPath: undefined,
    method: 'POST',
    maxHeaderSize: 
undefined,
    insecureHTTPParser: 
undefined,
    joinDuplicateHeaders: 
undefined,
    path: 
'/v1/chat/completions',
    _ended: true,
    res: IncomingMessage {
      _events: [Object],
      _readableState: 
[ReadableState],
      _maxListeners: 
undefined,
      socket: null,
      httpVersionMajor: 1,
      httpVersionMinor: 1,
      httpVersion: '1.1',
      complete: true,
      rawHeaders: [Array],
      rawTrailers: [],
      joinDuplicateHeaders: 
undefined,
      aborted: false,
      upgrade: false,
      url: '',
      method: null,
      statusCode: 402,
      statusMessage: 
'Payment Required',
      client: [TLSSocket],
      _consuming: false,
      _dumped: false,
      req: [Circular *1],
      _eventsCount: 4,
      responseUrl: 'https://
api.deepseek.com/v1/chat/com
pletions',
      redirects: [],
      [Symbol(shapeMode)]: 
true,
      [Symbol(kCapture)]: 
false,
      [Symbol(kHeaders)]: 
[Object],
      
[Symbol(kHeadersCount)]: 28,
      [Symbol(kTrailers)]: 
null,
      
[Symbol(kTrailersCount)]: 0
    },
    aborted: false,
    timeoutCb: null,
    upgradeOrConnect: false,
    parser: null,
    maxHeadersCount: null,
    reusedSocket: false,
    host: 
'api.deepseek.com',
    protocol: 'https:',
    _redirectable: Writable 
{
      _events: [Object],
      _writableState: 
[WritableState],
      _maxListeners: 
undefined,
      _options: [Object],
      _ended: true,
      _ending: true,
      _redirectCount: 0,
      _redirects: [],
      _requestBodyLength: 
3073,
      _requestBodyBuffers: 
[],
      _eventsCount: 3,
      _onNativeResponse: 
[Function (anonymous)],
      _currentRequest: 
[Circular *1],
      _currentUrl: 'https://
api.deepseek.com/v1/chat/com
pletions',
      _timeout: null,
      [Symbol(shapeMode)]: 
true,
      [Symbol(kCapture)]: 
false
    },
    [Symbol(shapeMode)]: 
false,
    [Symbol(kCapture)]: 
false,
    
[Symbol(kBytesWritten)]: 0,
    [Symbol(kNeedDrain)]: 
false,
    [Symbol(corked)]: 0,
    
[Symbol(kChunkedBuffer)]: 
[],
    
[Symbol(kChunkedLength)]: 0,
    [Symbol(kSocket)]: 
TLSSocket {
      _tlsOptions: [Object],
      _secureEstablished: 
true,
      _securePending: false,
      _newSessionPending: 
false,
      _controlReleased: 
true,
      secureConnecting: 
false,
      _SNICallback: null,
      servername: 
'api.deepseek.com',
      alpnProtocol: false,
      authorized: true,
      authorizationError: 
null,
      encrypted: true,
      _events: [Object: 
null prototype],
      _eventsCount: 9,
      connecting: false,
      _hadError: false,
      _parent: null,
      _host: 
'api.deepseek.com',
      
_closeAfterHandlingError: 
false,
      _readableState: 
[ReadableState],
      _writableState: 
[WritableState],
      allowHalfOpen: false,
      _maxListeners: 
undefined,
      _sockname: null,
      _pendingData: null,
      _pendingEncoding: '',
      server: undefined,
      _server: null,
      ssl: [TLSWrap],
      _requestCert: true,
      _rejectUnauthorized: 
true,
      timeout: 5000,
      parser: null,
      _httpMessage: null,
      
[Symbol(alpncallback)]: 
null,
      [Symbol(res)]: 
[TLSWrap],
      [Symbol(verified)]: 
true,
      
[Symbol(pendingSession)]: 
null,
      
[Symbol(async_id_symbol)]: 
-1,
      [Symbol(kHandle)]: 
[TLSWrap],
      [Symbol(lastWriteQueue
Size)]: 0,
      [Symbol(timeout)]: 
Timeout {
        _idleTimeout: 5000,
        _idlePrev: 
[TimersList],
        _idleNext: 
[TimersList],
        _idleStart: 1881,
        _onTimeout: 
[Function: bound ],
        _timerArgs: 
undefined,
        _repeat: null,
        _destroyed: false,
        [Symbol(refed)]: 
false,
        
[Symbol(kHasPrimitive)]: 
false,
        [Symbol(asyncId)]: 
29,
        
[Symbol(triggerId)]: 27,
        [Symbol(kAsyncContex
tFrame)]: undefined
      },
      [Symbol(kBuffer)]: 
null,
      [Symbol(kBufferCb)]: 
null,
      [Symbol(kBufferGen)]: 
null,
      [Symbol(shapeMode)]: 
true,
      [Symbol(kCapture)]: 
false,
      
[Symbol(kSetNoDelay)]: 
false,
      
[Symbol(kSetKeepAlive)]: 
true,
      [Symbol(kSetKeepAliveI
nitialDelay)]: 1,
      [Symbol(kBytesRead)]: 
0,
      
[Symbol(kBytesWritten)]: 0,
      
[Symbol(connect-options)]: 
[Object]
    },
    [Symbol(kOutHeaders)]: 
[Object: null prototype] {
      accept: [Array],
      'content-type': 
[Array],
      authorization: 
[Array],
      'user-agent': [Array],
      'content-length': 
[Array],
      'accept-encoding': 
[Array],
      host: [Array]
    },
    [Symbol(errored)]: null,
    
[Symbol(kHighWaterMark)]: 
16384,
    [Symbol(kRejectNonStanda
rdBodyWrites)]: false,
    
[Symbol(kUniqueHeaders)]: 
null
  },
  response: {
    status: 402,
    statusText: 'Payment 
Required',
    headers: Object 
[AxiosHeaders] {
      'content-type': 
'application/json',
      'content-length': 
'111',
      connection: 
'keep-alive',
      date: 'Tue, 23 Dec 
2025 12:25:24 GMT',
      server: 'elb',
      vary: 'origin, access-
control-request-method, acce
ss-control-request-headers',
      'access-control-allow-
credentials': 'true',
      'x-ds-trace-id': '4a60
2933d90e9ffd0c50b8bda30b4fe5
',
      'strict-transport-secu
rity': 'max-age=31536000; 
includeSubDomains; preload',
      
'x-content-type-options': 
'nosniff',
      'x-cache': 'Error 
from cloudfront',
      via: '1.1 b5038786386f
5e416dca079f0acfda36.cloudfr
ont.net (CloudFront)',
      'x-amz-cf-pop': 
'BOM78-P9',
      'x-amz-cf-id': 'gdBj06
v1dmsANRP2J_kOFmCS-EBzIEpAVT
o-OcB19YzMXOnGjLJIyQ=='
    },
    config: {
      transitional: 
[Object],
      adapter: [Array],
      transformRequest: 
[Array],
      transformResponse: 
[Array],
      timeout: 30000,
      xsrfCookieName: 
'XSRF-TOKEN',
      xsrfHeaderName: 
'X-XSRF-TOKEN',
      maxContentLength: -1,
      maxBodyLength: -1,
      env: [Object],
      validateStatus: 
[Function: validateStatus],
      headers: [Object 
[AxiosHeaders]],
      method: 'post',
      url: 'https://api.deep
seek.com/v1/chat/completions
',
      data: `{"model":"deeps
eek-chat","messages":[{"role
":"user","content":"You are 
an expert Project Manager 
AI assistant specialized in 
analyzing meeting 
transcripts.\\n\\nYour task 
is to analyze the following 
meeting transcript and 
extract structured informati
on.\\n\\nIMPORTANT: Return 
ONLY a valid JSON object 
with NO markdown 
formatting, NO code blocks, 
NO backticks. Just pure 
JSON.\\n\\nThe JSON object 
must have these exact 
keys:\\n- \\"summary\\": A 
concise executive summary 
of the meeting (2-3 
sentences)\\n- 
\\"agendaItems\\": An array 
of strings listing the main 
topics discussed\\n- 
\\"decisions\\": An array 
of strings listing key 
decisions that were 
made\\n- \\"actionItems\\": 
An array of objects, each 
with:\\n  - \\"task\\": The 
specific action item or 
task\\n  - \\"assignee\\": 
The person responsible (use 
\\"Unassigned\\" if not 
mentioned)\\n  - 
\\"priority\\": Either 
\\"High\\", \\"Medium\\", 
or \\"Low\\" based on urgenc
y/importance\\n\\nGuidelines
:\\n- Be concise and 
clear\\n- Extract only 
factual information from 
the transcript\\n- If no 
decisions were made, return 
an empty array for 
\\"decisions\\"\\n- If no 
action items were 
identified, return an empty 
array for 
\\"actionItems\\"\\n- Infer 
priority based on context 
(deadlines, urgency words, 
importance)\\n- If multiple 
people are mentioned for a 
task, list the primary 
person\\n\\nExample output 
format:\\n{\\n  
\\"summary\\": \\"The team 
discussed Q4 roadmap 
priorities and assigned key 
deliverables.\\",\\n  
\\"agendaItems\\": [\\"Q4 
Roadmap Review\\", 
\\"Resource Allocation\\", 
\\"Timeline 
Discussion\\"],\\n  
\\"decisions\\": 
[\\"Approved budget 
increase for marketing\\", 
\\"Decided to use React for 
frontend\\"],\\n  
\\"actionItems\\": [\\n    
{\\n      \\"task\\": 
\\"Complete API 
documentation\\",\\n      
\\"assignee\\": 
\\"Sarah\\",\\n      
\\"priority\\": 
\\"High\\"\\n    },\\n    
{\\n      \\"task\\": 
\\"Review design 
mockups\\",\\n      
\\"assignee\\": 
\\"John\\",\\n      
\\"priority\\": 
\\"Medium\\"\\n    }\\n  
]\\n}\\n\\nNow analyze this 
meeting 
transcript:\\n\\n\\nMeeting 
started at 10 AM with the 
product team.\\n\\nJohn 
opened the discussion about 
the new project timeline. 
He mentioned that we're 
behind schedule \\nand need 
to accelerate development. 
The team agreed to add two 
more developers to the 
project.\\n\\nSarah brought 
up the API documentation 
issue. She emphasized that 
we absolutely must complete 
\\nthe API documentation by 
Friday, as the external 
partners are waiting for 
it. This is 
critical.\\n\\nThe team had 
a long discussion about the 
frontend framework. After 
considering Vue and 
Angular, \\nthe team 
unanimously decided to use 
React for the frontend 
development due to better 
community \\nsupport and 
team expertise.\\n\\nMike 
volunteered to review the 
design mockups. He 
committed to completing the 
review by Wednesday \\nand 
providing detailed feedback 
to the design 
team.\\n\\nThe most urgent 
issue discussed was the 
login bug that's affecting 
production users. John 
assigned \\nthis as the 
highest priority task and 
asked the backend team to 
fix it 
immediately.\\n\\nThe 
meeting concluded at 11:30 
AM with clear action items 
and deadlines.\\n"}],"temper
ature":0.7,"max_tokens":2048
}`,
      allowAbsoluteUrls: 
true
    },
    request: <ref *1> 
ClientRequest {
      _events: [Object: 
null prototype],
      _eventsCount: 7,
      _maxListeners: 
undefined,
      outputData: [],
      outputSize: 0,
      writable: true,
      destroyed: true,
      _last: false,
      chunkedEncoding: 
false,
      shouldKeepAlive: true,
      maxRequestsOnConnectio
nReached: false,
      _defaultKeepAlive: 
true,
      useChunkedEncodingByDe
fault: true,
      sendDate: false,
      _removedConnection: 
false,
      _removedContLen: 
false,
      _removedTE: false,
      strictContentLength: 
false,
      _contentLength: 
'3073',
      _hasBody: true,
      _trailer: '',
      finished: true,
      _headerSent: true,
      _closed: true,
      _header: 'POST 
/v1/chat/completions 
HTTP/1.1\r\n' +
        'Accept: 
application/json, 
text/plain, */*\r\n' +
        'Content-Type: 
application/json\r\n' +
        'Authorization: 
Bearer sk-b417ce0c8b7d4e24a3
d3476578c5f476\r\n' +
        'User-Agent: 
axios/1.12.2\r\n' +
        'Content-Length: 
3073\r\n' +
        'Accept-Encoding: 
gzip, compress, deflate, 
br\r\n' +
        'Host: 
api.deepseek.com\r\n' +
        'Connection: 
keep-alive\r\n' +
        '\r\n',
      _keepAliveTimeout: 0,
      _onPendingData: 
[Function: nop],
      agent: [Agent],
      socketPath: undefined,
      method: 'POST',
      maxHeaderSize: 
undefined,
      insecureHTTPParser: 
undefined,
      joinDuplicateHeaders: 
undefined,
      path: 
'/v1/chat/completions',
      _ended: true,
      res: 
[IncomingMessage],
      aborted: false,
      timeoutCb: null,
      upgradeOrConnect: 
false,
      parser: null,
      maxHeadersCount: null,
      reusedSocket: false,
      host: 
'api.deepseek.com',
      protocol: 'https:',
      _redirectable: 
[Writable],
      [Symbol(shapeMode)]: 
false,
      [Symbol(kCapture)]: 
false,
      
[Symbol(kBytesWritten)]: 0,
      [Symbol(kNeedDrain)]: 
false,
      [Symbol(corked)]: 0,
      
[Symbol(kChunkedBuffer)]: 
[],
      
[Symbol(kChunkedLength)]: 0,
      [Symbol(kSocket)]: 
[TLSSocket],
      
[Symbol(kOutHeaders)]: 
[Object: null prototype],
      [Symbol(errored)]: 
null,
      
[Symbol(kHighWaterMark)]: 
16384,
      [Symbol(kRejectNonStan
dardBodyWrites)]: false,
      
[Symbol(kUniqueHeaders)]: 
null
    },
    data: { error: [Object] 
}
  },
  status: 402
}
Γ¥î Error: An unexpected 
error occurred while 
processing the transcript. 
Please try again.
