  console.warn
    Invalid GitHub webhook signature

    [0m [90m 45 |[39m         [90m// Verify signature[39m
     [90m 46 |[39m         [36mif[39m ([33m![39mverifyGitHubSignature(req)) {
    [31m[1m>[22m[39m[90m 47 |[39m             console[33m.[39mwarn([32m'Invalid GitHub webhook signature'[39m)[33m;[39m
     [90m    |[39m                     [31m[1m^[22m[39m
     [90m 48 |[39m             [36mreturn[39m res[33m.[39mstatus([35m401[39m)[33m.[39mjson({
     [90m 49 |[39m                 success[33m:[39m [36mfalse[39m[33m,[39m
     [90m 50 |[39m                 message[33m:[39m [32m'Invalid signature'[39m[0m

      at src/routes/githubWebhooks.ts:47:21
      at Layer.handle [as handle_request] (node_modules/express/lib/router/layer.js:95:5)
      at next (node_modules/express/lib/router/route.js:149:13)
      at node_modules/express-rate-limit/dist/index.cjs:807:7
      at node_modules/express-rate-limit/dist/index.cjs:691:5

  console.error
    [GitHub Webhook] Error processing webhook: RangeError: Input buffers must have the same byte length
        at verifyGitHubSignature (D:\YASH\Project Management\server\src\routes\githubWebhooks.ts:36:19)
        at D:\YASH\Project Management\server\src\routes\githubWebhooks.ts:46:14
        at Layer.handle [as handle_request] (D:\YASH\Project Management\server\node_modules\express\lib\router\layer.js:95:5)
        at next (D:\YASH\Project Management\server\node_modules\express\lib\router\route.js:149:13)
        at D:\YASH\Project Management\server\node_modules\express-rate-limit\dist\index.cjs:807:7
        at processTicksAndRejections (node:internal/process/task_queues:105:5)
        at D:\YASH\Project Management\server\node_modules\express-rate-limit\dist\index.cjs:691:5 {
      code: 'ERR_CRYPTO_TIMING_SAFE_EQUAL_LENGTH'
    }

    [0m [90m 101 |[39m
     [90m 102 |[39m     } [36mcatch[39m (error[33m:[39m any) {
    [31m[1m>[22m[39m[90m 103 |[39m         console[33m.[39merror([32m'[GitHub Webhook] Error processing webhook:'[39m[33m,[39m error)[33m;[39m
     [90m     |[39m                 [31m[1m^[22m[39m
     [90m 104 |[39m         [90m// Still return 200 to prevent GitHub from retrying[39m
     [90m 105 |[39m         [36mreturn[39m res[33m.[39mstatus([35m200[39m)[33m.[39mjson({
     [90m 106 |[39m             success[33m:[39m [36mfalse[39m[33m,[39m[0m

      at src/routes/githubWebhooks.ts:103:17
      at Layer.handle [as handle_request] (node_modules/express/lib/router/layer.js:95:5)
      at next (node_modules/express/lib/router/route.js:149:13)
      at node_modules/express-rate-limit/dist/index.cjs:807:7
      at node_modules/express-rate-limit/dist/index.cjs:691:5

  console.log
    [GitHub Webhook] Received ping event (uuid-123)

      at src/routes/githubWebhooks.ts:58:17

  console.log
    [GitHub Webhook] Ping received

      at src/routes/githubWebhooks.ts:62:21

node.exe : FAIL src/tests/githubWebhooks.test.ts (8.845 s)
At C:\Program Files\nodejs\npx.ps1:29 char:3
+   & $NODE_EXE $NPX_CLI_JS $args
+   ~~~~~~~~~~~~~~~~~~~~~~~~~~~~~
    + CategoryInfo          : NotSpecified: (FAIL src/tests/...st 
   .ts (8.845 s):String) [], RemoteException
    + FullyQualifiedErrorId : NativeCommandError
 
  GitHub Webhooks
    ΓêÜ should reject requests with no signature (57 ms)
    ├ù should reject requests with invalid signature (50 ms)
    ΓêÜ should accept ping event with valid signature (5 ms)

  ΓùÅ GitHub Webhooks ΓÇ║ should reject requests with invalid 
signature

    expect(received).toBe(expected) // Object.is equality

    Expected: 401
    Received: 200

    [0m [90m 29 |[39m             [33m.[39m[36mset[39m([32
m'x-hub-signature-256'[39m[33m,[39m [32m'invalid'[39m)
     [90m 30 |[39m             [33m.[39msend({})[33m;[39m
    [31m[1m>[22m[39m[90m 31 |[39m         expect(response[3
3m.[39mstatus)[33m.[39mtoBe([35m401[39m)[33m;[39m
     [90m    |[39m                                 
[31m[1m^[22m[39m
     [90m 32 |[39m     })[33m;[39m
     [90m 33 |[39m
     [90m 34 |[39m     test([32m'should accept ping event with 
valid signature'[39m[33m,[39m [36masync[39m () [33m=>[39m 
{[0m

      at Object.<anonymous> 
(src/tests/githubWebhooks.test.ts:31:33)

Test Suites: 1 failed, 1 total
Tests:       1 failed, 2 passed, 3 total
Snapshots:   0 total
Time:        9.07 s, estimated 12 s
Ran all test suites matching src/tests/githubWebhooks.test.ts.
