[ai-saas-template-aceternity.vercel.app/_next/static/media/e11418ac562b8ac1-s.p.woff2]
[ai-saas-template-aceternity.vercel.app/_next/static/css/401c11dec3f9c769.css]
[ai-saas-template-aceternity.vercel.app/_next/static/css/bf122073088a753a.css]
[ai-saas-template-aceternity.vercel.app/_next/static/chunks/webpack-03630e3a7b58d41e.js]
[ai-saas-template-aceternity.vercel.app/_next/static/chunks/4bd1b696-c1fc7b580606a8ec.js]
[ai-saas-template-aceternity.vercel.app/_next/static/chunks/684-c7d0b086f21645f1.js]
[ai-saas-template-aceternity.vercel.app/_next/static/chunks/main-app-d9794b1200c643e4.js]
[ai-saas-template-aceternity.vercel.app/_next/static/chunks/874-1d4d41457c899cd6.js]
[ai-saas-template-aceternity.vercel.app/_next/static/chunks/app/layout-f40e2caccc4cba61.js]
[ai-saas-template-aceternity.vercel.app/_next/static/chunks/5e22fd23-e5ea966b898d44aa.js]
[ai-saas-template-aceternity.vercel.app/_next/static/chunks/578-fca51918b302d055.js]
[ai-saas-template-aceternity.vercel.app/_next/static/chunks/182-a327315003c1824b.js]
[ai-saas-template-aceternity.vercel.app/_next/static/chunks/603-10441c9544506504.js]
[ai-saas-template-aceternity.vercel.app/_next/static/chunks/app/(marketing)/layout-f73a5cf645f9f7e3.js]
[ai-saas-template-aceternity.vercel.app/_next/static/chunks/f7333993-dcb5b27f92058703.js]
[ai-saas-template-aceternity.vercel.app/_next/static/chunks/344-8118090eb3ed3454.js]
[backblue.gif]
[fade.gif]
[index.html]
[ai-saas-template-aceternity.vercel.app/_next/static/chunks/app/(marketing)/page-7510437a0c986649.js]
[ai-saas-template-aceternity.vercel.app/favicon.ico]
[ai-saas-template-aceternity.vercel.app/_next/static/chunks/polyfills-42372ed130431b0a.js]
[ai-saas-template-aceternity.vercel.app/pricing.html]
[ai-saas-template-aceternity.vercel.app/blog.html]
[ai-saas-template-aceternity.vercel.app/contact.html]
[ai-saas-template-aceternity.vercel.app/login.html]
[ai-saas-template-aceternity.vercel.app/signup.html]
[ai-saas-template-aceternity.vercel.app/_next/headerf5e4.png]
[ai-saas-template-aceternity.vercel.app/_next/netflixda2e.png]
[ai-saas-template-aceternity.vercel.app/_next/googlefc6d.jpg]
[ai-saas-template-aceternity.vercel.app/_next/meta0fdb.png]
[ai-saas-template-aceternity.vercel.app/_next/onlyfansa6ea.png]
[ai-saas-template-aceternity.vercel.app/_next/avatar0c74.jpg]
[ai-saas-template-aceternity.vercel.app/_next/skeleton-one11f9.png]
[ai-saas-template-aceternity.vercel.app/_next/tyler3ec2.jpg]
[ai-saas-template-aceternity.vercel.app/noise.webp]
[ai-saas-template-aceternity.vercel.app/index.html]
[ai-saas-template-aceternity.vercel.app/_next/static/css/401c11dec3f9c769.css]
[ai-saas-template-aceternity.vercel.app/_next/static/css/bf122073088a753a.css]
[ai-saas-template-aceternity.vercel.app/_next/static/chunks/846-2d4b4d0842110b65.js]
[ai-saas-template-aceternity.vercel.app/_next/static/chunks/766-b5206dc3371bcf45.js]
[ai-saas-template-aceternity.vercel.app/pricing.html]
[ai-saas-template-aceternity.vercel.app/_next/static/chunks/app/(marketing)/pricing/page-7ef3f651360c2a08.js]
[ai-saas-template-aceternity.vercel.app/_next/static/chunks/302-1157b752cd16bdc0.js]
[ai-saas-template-aceternity.vercel.app/_next/static/chunks/app/(marketing)/blog/page-265654819b7ca34c.js]
[ai-saas-template-aceternity.vercel.app/blog/changelog-for-2024.html]
[ai-saas-template-aceternity.vercel.app/_next/photo-1696429175928-793a1cdef1d3e6f2.jpg]
[ai-saas-template-aceternity.vercel.app/_next/avatar468f.jpg]
[ai-saas-template-aceternity.vercel.app/blog/cool-things-to-do-with-ai.html]
[ai-saas-template-aceternity.vercel.app/_next/photo-1560958089-b8a1929cea894769.jpg]
[ai-saas-template-aceternity.vercel.app/blog/how-companies-are-working-without-ai.html]
[ai-saas-template-aceternity.vercel.app/_next/thumbnail1d60.jpg]
[ai-saas-template-aceternity.vercel.app/blog/top-5-llm-of-all-time.html]
[ai-saas-template-aceternity.vercel.app/blog/what-is-ai-anyway.html]
[ai-saas-template-aceternity.vercel.app/_next/photo-1697577418970-95d99b5a55cf33ae.jpg]
[ai-saas-template-aceternity.vercel.app/blog.html]
[ai-saas-template-aceternity.vercel.app/_next/static/chunks/199-40b662633b632afd.js]
[ai-saas-template-aceternity.vercel.app/_next/static/chunks/695-c077d77e6eb61e6e.js]
[ai-saas-template-aceternity.vercel.app/_next/static/chunks/app/(marketing)/contact/page-6e339a352d4db0b9.js]
[ai-saas-template-aceternity.vercel.app/_next/photo-1599566150163-29194dcaad36c979.jpg]
[ai-saas-template-aceternity.vercel.app/_next/photo-1535713875002-d1d0cf377fded449.jpg]
[ai-saas-template-aceternity.vercel.app/_next/photo-1580489944761-15a19d6549569a40.jpg]
[ai-saas-template-aceternity.vercel.app/_next/photo-1438761681033-6461ffad8d808be3.jpg]
[ai-saas-template-aceternity.vercel.app/_next/photo-1472099645785-5658abf4ff4e3be7.jpg]
[ai-saas-template-aceternity.vercel.app/_next/photo-1544725176-7c40e5a71c5e4a06.jpg]
[ai-saas-template-aceternity.vercel.app/contact.html]
[ai-saas-template-aceternity.vercel.app/_next/static/chunks/app/(auth)/layout-fce62ca0c8bcb1e5.js]
[ai-saas-template-aceternity.vercel.app/login.html]
[ai-saas-template-aceternity.vercel.app/_next/static/chunks/app/(auth)/login/page-892ce281fe10c4b5.js]
[ai-saas-template-aceternity.vercel.app/signup.html]
[ai-saas-template-aceternity.vercel.app/_next/static/chunks/app/(auth)/signup/page-c64630371c251e7b.js]
[ai-saas-template-aceternity.vercel.app/blog/changelog-for-2024.html]
[ai-saas-template-aceternity.vercel.app/_next/static/chunks/app/(marketing)/blog/changelog-for-2024/page-d81229a24e775a33.js]
[ai-saas-template-aceternity.vercel.app/blog/cool-things-to-do-with-ai.html]
[ai-saas-template-aceternity.vercel.app/_next/static/chunks/app/(marketing)/blog/cool-things-to-do-with-ai/page-db47cbaf9d751a42.js]
[ai-saas-template-aceternity.vercel.app/blog/how-companies-are-working-without-ai.html]
[ai-saas-template-aceternity.vercel.app/_next/static/chunks/app/(marketing)/blog/how-companies-are-working-without-ai/page-2598c505f48f6126.js]
[ai-saas-template-aceternity.vercel.app/blog/top-5-llm-of-all-time.html]
[ai-saas-template-aceternity.vercel.app/_next/static/chunks/app/(marketing)/blog/top-5-llm-of-all-time/page-6a13118245b3e608.js]
[ai-saas-template-aceternity.vercel.app/blog/what-is-ai-anyway.html]
[ai-saas-template-aceternity.vercel.app/_next/static/chunks/app/(marketing)/blog/what-is-ai-anyway/page-458024409d3ecbcc.js]
